<!doctype html><html><head><title>Test</title></head><body><h1>Hello</h1></body></html>