<!doctype html><html><head><title>About</title><link href="img/favicon.edda23bf.ico" rel="icon"><script defer="defer" src="js/about.e55bdc4a.js"></script><link href="css/about.ae0c9a91.css" rel="stylesheet"></head><body><h1>About</h1><img src="img/picture.697ef306.png"></body></html>