<!doctype html><html><head><title>Home</title><link href="img/favicon.edda23bf.ico" rel="icon"><script defer="defer" src="js/index.0132c52e.js"></script><link href="css/index.7c137e55.css" rel="stylesheet"></head><body><h1>Home</h1><img src="img/picture.697ef306.png"></body></html>