<!DOCTYPE html><html><head><script src="/assets/file1.1a3142e7.js"></script><script src="/assets/file2.66830a35.js"></script><script src="/assets/file3.0d1bbfb1.js"></script><script src="/assets/file4.e00256b9.js"></script><script src="/assets/file5.5c0df351.js"></script><script src="/assets/index.1.4e847a8f.js"></script></head><body><h1>Hello Pug!</h1></body></html>