<!DOCTYPE html><html><head><script src="/assets/main.46556da1.js"></script><script src="/assets/file1.498b35cb.js"></script><script src="/assets/file2.93728ce9.js"></script><script src="/assets/file3.a43ec27f.js"></script><script src="/assets/file4.7aedb60b.js"></script><script src="/assets/file5.b17970d3.js"></script></head><body><h1>Hello Pug!</h1></body></html>