<!doctype html><html><head><title>Test</title></head><body><h1>Hallo</h1></body></html>