<!doctype html><html><head><title>Test</title></head><body><h1>Bonjour</h1></body></html>