<!DOCTYPE html><html><head><link rel="stylesheet" href="/assets/css/styles.cdfa3b09.css"><script src="/assets/js/common.d45ab842.js"></script></head><body><h1>Hello World!</h1><img src="/assets/img/image.697ef306.png"><script src="/assets/js/main.bab4abcf.js"></script></body></html>